c:\users\jmuzy\onedrive\desktop\projects\object blending\builds\objectblend.dir\debug\vc143.pdb
c:\users\jmuzy\onedrive\desktop\projects\object blending\builds\objectblend.dir\debug\shader.obj
c:\users\jmuzy\onedrive\desktop\projects\object blending\builds\objectblend.dir\debug\openglrenderer.obj
c:\users\jmuzy\onedrive\desktop\projects\object blending\builds\objectblend.dir\debug\inputhandler.obj
c:\users\jmuzy\onedrive\desktop\projects\object blending\builds\objectblend.dir\debug\camera.obj
c:\users\jmuzy\onedrive\desktop\projects\object blending\builds\objectblend.dir\debug\main.obj
c:\users\jmuzy\onedrive\desktop\projects\object blending\builds\objectblend.dir\debug\octree.obj
c:\users\jmuzy\onedrive\desktop\projects\object blending\builds\objectblend.dir\debug\modelbridge.obj
c:\users\jmuzy\onedrive\desktop\projects\object blending\builds\objectblend.dir\debug\model.obj
c:\users\jmuzy\onedrive\desktop\projects\object blending\builds\objectblend.dir\debug\meshbridge.obj
c:\users\jmuzy\onedrive\desktop\projects\object blending\builds\objectblend.dir\debug\mesh.obj
c:\users\jmuzy\onedrive\desktop\projects\object blending\builds\objectblend.dir\debug\glad.obj
c:\users\jmuzy\onedrive\desktop\projects\object blending\builds\cmakefiles\generate.stamp
c:\users\jmuzy\onedrive\desktop\projects\object blending\builds\debug\objectblend.exe
c:\users\jmuzy\onedrive\desktop\projects\object blending\builds\debug\objectblend.pdb
c:\users\jmuzy\onedrive\desktop\projects\object blending\builds\objectblend.dir\debug\objectblend.ilk
c:\users\jmuzy\onedrive\desktop\projects\object blending\builds\objectblend.dir\debug\objectblend.tlog\cl.command.1.tlog
c:\users\jmuzy\onedrive\desktop\projects\object blending\builds\objectblend.dir\debug\objectblend.tlog\cl.items.tlog
c:\users\jmuzy\onedrive\desktop\projects\object blending\builds\objectblend.dir\debug\objectblend.tlog\cl.read.1.tlog
c:\users\jmuzy\onedrive\desktop\projects\object blending\builds\objectblend.dir\debug\objectblend.tlog\cl.write.1.tlog
c:\users\jmuzy\onedrive\desktop\projects\object blending\builds\objectblend.dir\debug\objectblend.tlog\custombuild.command.1.tlog
c:\users\jmuzy\onedrive\desktop\projects\object blending\builds\objectblend.dir\debug\objectblend.tlog\custombuild.read.1.tlog
c:\users\jmuzy\onedrive\desktop\projects\object blending\builds\objectblend.dir\debug\objectblend.tlog\custombuild.write.1.tlog
c:\users\jmuzy\onedrive\desktop\projects\object blending\builds\objectblend.dir\debug\objectblend.tlog\link.command.1.tlog
c:\users\jmuzy\onedrive\desktop\projects\object blending\builds\objectblend.dir\debug\objectblend.tlog\link.read.1.tlog
c:\users\jmuzy\onedrive\desktop\projects\object blending\builds\objectblend.dir\debug\objectblend.tlog\link.secondary.1.tlog
c:\users\jmuzy\onedrive\desktop\projects\object blending\builds\objectblend.dir\debug\objectblend.tlog\link.write.1.tlog
